// Jest Snapshot v1, https://goo.gl/fbAQLP

exports[`Counter Component Debe hacer el match con el snapshot 1`] = `
<h2>Counter</h2>
<div>5 <sup>2</sup> = 25</div>
<div class="buttons-container"><button>Increase</button><button>Decrease</button></div>
`;
